[INFO] Scanning for projects...
[INFO] 
[INFO] ----------------------< com.backend:stockmaster >-----------------------
[INFO] Building  0.0.1-SNAPSHOT
[INFO]   from pom.xml
[INFO] --------------------------------[ jar ]---------------------------------
[INFO] 
[INFO] --- clean:3.5.0:clean (default-clean) @ stockmaster ---
[INFO] Deleting C:\Users\manu.tovidedjo\Documents\Highfive\Manu_junior\Springboot\Projectsock\backend\stockmaster\target
[INFO] 
[INFO] --- resources:3.5.0:resources (default-resources) @ stockmaster ---
[INFO] Copying 1 resource from src\main\resources to target\classes
[INFO] Copying 0 resource from src\main\resources to target\classes
[INFO] 
[INFO] --- compiler:3.15.0:compile (default-compile) @ stockmaster ---
[INFO] Recompiling the module because of changed source code.
[INFO] Compiling 79 source files with javac [debug parameters release 17] to target\classes
[INFO] -------------------------------------------------------------
[WARNING] COMPILATION WARNING : 
[INFO] -------------------------------------------------------------
[WARNING] /C:/Users/manu.tovidedjo/Documents/Highfive/Manu_junior/Springboot/Projectsock/backend/stockmaster/src/main/java/com/backend/stockmaster/user/domain/User.java:[38,21] @Builder will ignore the initializing expression entirely. If you want the initializing expression to serve as default, add @Builder.Default. If it is not supposed to be settable during building, make the field final.
[WARNING] /C:/Users/manu.tovidedjo/Documents/Highfive/Manu_junior/Springboot/Projectsock/backend/stockmaster/src/main/java/com/backend/stockmaster/user/domain/User.java:[20,1] Generating equals/hashCode implementation but without a call to superclass, even though this class does not extend java.lang.Object. If this is intentional, add '@EqualsAndHashCode(callSuper=false)' to your type.
[WARNING] /C:/Users/manu.tovidedjo/Documents/Highfive/Manu_junior/Springboot/Projectsock/backend/stockmaster/src/main/java/com/backend/stockmaster/user/application/mapper/UserMapper.java:[17,10] Unmapped target properties: "id, active".
[WARNING] /C:/Users/manu.tovidedjo/Documents/Highfive/Manu_junior/Springboot/Projectsock/backend/stockmaster/src/main/java/com/backend/stockmaster/user/application/mapper/UserMapper.java:[20,10] Unmapped target properties: "createdAt, updatedAt, createdBy, updatedBy, id".
[INFO] 4 warnings 
[INFO] -------------------------------------------------------------
[INFO] -------------------------------------------------------------
[ERROR] COMPILATION ERROR : 
[INFO] -------------------------------------------------------------
[ERROR] /C:/Users/manu.tovidedjo/Documents/Highfive/Manu_junior/Springboot/Projectsock/backend/stockmaster/src/main/java/com/backend/stockmaster/user/application/mapper/UserMapper.java:[14,23] Unknown property "password" in result type UserResponse.UserResponseBuilder. Did you mean "null"?
[INFO] 1 error
[INFO] -------------------------------------------------------------
[INFO] ------------------------------------------------------------------------
[INFO] BUILD FAILURE
[INFO] ------------------------------------------------------------------------
[INFO] Total time:  01:04 min
[INFO] Finished at: 2026-06-13T11:19:00+01:00
[INFO] ------------------------------------------------------------------------
[ERROR] Failed to execute goal org.apache.maven.plugins:maven-compiler-plugin:3.15.0:compile (default-compile) on project stockmaster: Compilation failure
[ERROR] /C:/Users/manu.tovidedjo/Documents/Highfive/Manu_junior/Springboot/Projectsock/backend/stockmaster/src/main/java/com/backend/stockmaster/user/application/mapper/UserMapper.java:[14,23] Unknown property "password" in result type UserResponse.UserResponseBuilder. Did you mean "null"?
[ERROR] 
[ERROR] -> [Help 1]
[ERROR] 
[ERROR] To see the full stack trace of the errors, re-run Maven with the -e switch.
[ERROR] Re-run Maven using the -X switch to enable full debug logging.
[ERROR] 
[ERROR] For more information about the errors and possible solutions, please read the following articles:
[ERROR] [Help 1] http://cwiki.apache.org/confluence/display/MAVEN/MojoFailureException
